// Jest Snapshot v1, https://goo.gl/fbAQLP

exports[`Container Component  should render without crashing when there is no searchTerm 1`] = `
{
  "asFragment": [Function],
  "baseElement": <body>
    <div>
      <div
        class="MuiPaper-root MuiPaper-elevation MuiPaper-rounded MuiPaper-elevation1 css-kms3ws-MuiPaper-root"
      >
        <div
          class="MuiBox-root css-1hc4zkj"
        >
          <div
            class="MuiStack-root css-163ljxj-MuiStack-root"
          >
            <div
              class="MuiInputBase-root MuiInputBase-colorPrimary MuiInputBase-fullWidth css-1dfpgwu-MuiInputBase-root"
            >
              <input
                aria-invalid="false"
                class="MuiInputBase-input css-yz9k0d-MuiInputBase-input"
                name="username"
                placeholder="Username..."
                type="text"
                value=""
              />
            </div>
            <button
              class="MuiButtonBase-root MuiButton-root MuiButton-contained MuiButton-containedPrimary MuiButton-sizeMedium MuiButton-containedSizeMedium Mui-disabled MuiButton-root MuiButton-contained MuiButton-containedPrimary MuiButton-sizeMedium MuiButton-containedSizeMedium css-s064ox-MuiButtonBase-root-MuiButton-root"
              data-testid="searchButton"
              disabled=""
              name="search"
              tabindex="-1"
              type="button"
            >
              Search
            </button>
          </div>
        </div>
        <div
          class="MuiStack-root css-wy8e47-MuiStack-root"
        >
          <div
            class="MuiBox-root css-0"
          >
            <div
              class="MuiBox-root css-0"
            />
          </div>
        </div>
      </div>
    </div>
  </body>,
  "container": <div>
    <div
      class="MuiPaper-root MuiPaper-elevation MuiPaper-rounded MuiPaper-elevation1 css-kms3ws-MuiPaper-root"
    >
      <div
        class="MuiBox-root css-1hc4zkj"
      >
        <div
          class="MuiStack-root css-163ljxj-MuiStack-root"
        >
          <div
            class="MuiInputBase-root MuiInputBase-colorPrimary MuiInputBase-fullWidth css-1dfpgwu-MuiInputBase-root"
          >
            <input
              aria-invalid="false"
              class="MuiInputBase-input css-yz9k0d-MuiInputBase-input"
              name="username"
              placeholder="Username..."
              type="text"
              value=""
            />
          </div>
          <button
            class="MuiButtonBase-root MuiButton-root MuiButton-contained MuiButton-containedPrimary MuiButton-sizeMedium MuiButton-containedSizeMedium Mui-disabled MuiButton-root MuiButton-contained MuiButton-containedPrimary MuiButton-sizeMedium MuiButton-containedSizeMedium css-s064ox-MuiButtonBase-root-MuiButton-root"
            data-testid="searchButton"
            disabled=""
            name="search"
            tabindex="-1"
            type="button"
          >
            Search
          </button>
        </div>
      </div>
      <div
        class="MuiStack-root css-wy8e47-MuiStack-root"
      >
        <div
          class="MuiBox-root css-0"
        >
          <div
            class="MuiBox-root css-0"
          />
        </div>
      </div>
    </div>
  </div>,
  "debug": [Function],
  "findAllByAltText": [Function],
  "findAllByDisplayValue": [Function],
  "findAllByLabelText": [Function],
  "findAllByPlaceholderText": [Function],
  "findAllByRole": [Function],
  "findAllByTestId": [Function],
  "findAllByText": [Function],
  "findAllByTitle": [Function],
  "findByAltText": [Function],
  "findByDisplayValue": [Function],
  "findByLabelText": [Function],
  "findByPlaceholderText": [Function],
  "findByRole": [Function],
  "findByTestId": [Function],
  "findByText": [Function],
  "findByTitle": [Function],
  "getAllByAltText": [Function],
  "getAllByDisplayValue": [Function],
  "getAllByLabelText": [Function],
  "getAllByPlaceholderText": [Function],
  "getAllByRole": [Function],
  "getAllByTestId": [Function],
  "getAllByText": [Function],
  "getAllByTitle": [Function],
  "getByAltText": [Function],
  "getByDisplayValue": [Function],
  "getByLabelText": [Function],
  "getByPlaceholderText": [Function],
  "getByRole": [Function],
  "getByTestId": [Function],
  "getByText": [Function],
  "getByTitle": [Function],
  "queryAllByAltText": [Function],
  "queryAllByDisplayValue": [Function],
  "queryAllByLabelText": [Function],
  "queryAllByPlaceholderText": [Function],
  "queryAllByRole": [Function],
  "queryAllByTestId": [Function],
  "queryAllByText": [Function],
  "queryAllByTitle": [Function],
  "queryByAltText": [Function],
  "queryByDisplayValue": [Function],
  "queryByLabelText": [Function],
  "queryByPlaceholderText": [Function],
  "queryByRole": [Function],
  "queryByTestId": [Function],
  "queryByText": [Function],
  "queryByTitle": [Function],
  "rerender": [Function],
  "unmount": [Function],
}
`;
